Microchip MPLAB XC8 Compiler V1.45 ()

Linker command line:

-W-3 --edf=C:\Program Files (x86)\Microchip\xc8\v1.45\dat\en_msgs.txt -cs \
  -h+dist/default/production\Projeto_Final.X.production.sym \
  --cmf=dist/default/production\Projeto_Final.X.production.cmf -z -Q18F4550 \
  -oC:\Users\USURIO~2\AppData\Local\Temp\s324o.2 \
  -Mdist/default/production/Projeto_Final.X.production.map -E1 -ver=XC8 \
  -ASTACK=0BCh-07ffh -pstack=STACK -ACODE=00h-07FFFh -ACONST=00h-07FFFh \
  -ASMALLCONST=0800h-08FFhx120 -AMEDIUMCONST=0800h-07FFFh -ACOMRAM=01h-05Fh \
  -AABS1=00h-07FFh -ABIGRAM=01h-07FFh -ARAM=060h-0FFh,0100h-01FFhx7 \
  -ABANK0=060h-0FFh -ABANK1=0100h-01FFh -ABANK2=0200h-02FFh \
  -ABANK3=0300h-03FFh -ABANK4=0400h-04FFh -ABANK5=0500h-05FFh \
  -ABANK6=0600h-06FFh -ABANK7=0700h-07FFh -ASFR=0F60h-0FFFh \
  -preset_vec=00h,intcode=08h,intcodelo=018h,powerup,init -pramtop=0800h \
  -psmallconst=SMALLCONST -pmediumconst=MEDIUMCONST -pconst=CONST \
  -AFARRAM=00h-00h -ACONFIG=0300000h-030000Dh -pconfig=CONFIG \
  -AIDLOC=0200000h-0200007h -pidloc=IDLOC -AEEDATA=0F00000h-0F000FFh \
  -peeprom_data=EEDATA \
  -prdata=COMRAM,nvrram=COMRAM,nvbit=COMRAM,rbss=COMRAM,rbit=COMRAM \
  -pfarbss=FARRAM,fardata=FARRAM,nvFARRAM=FARRAM \
  -pintsave_regs=BIGRAM,bigbss=BIGRAM,bigdata=BIGRAM -pbss=RAM \
  -pidata=CODE,irdata=CODE,ibigdata=CODE,ifardata=CODE -prparam=COMRAM \
  C:\Users\USURIO~2\AppData\Local\Temp\s324o.obj \
  dist/default/production\Projeto_Final.X.production.obj 

Object code version is 3.11

Machine type is 18F4550

Call graph: (short form)




                Name                               Link     Load   Length Selector   Space Scale
C:\Users\USURIO~2\AppData\Local\Temp\s324o.obj
                init                                110      110        4        C       0
                reset_vec                             0        0        4        0       0
                idloc                            200000   200000        8   200000       0
                config                           300000   300000        E   300000       0
dist/default/production\Projeto_Final.X.production.obj
                intcodelo                            18       18       F8        C       0
                intcode                               8        8        6        4       0
                temp                                 38       38        1        1       1
                smallconst                          800      800       16      400       0
                intcode_body                       119C     119C       C8      40B       0
                text21                             1742     1742        A      40B       0
                text20                             1644     1644       3A      40B       0
                text19                             1732     1732       10      40B       0
                text18                             1720     1720       12      40B       0
                text17                             1588     1588       40      40B       0
                text16                             1606     1606       3E      40B       0
                text15                             1312     1312       A8      40B       0
                text14                             13BA     13BA       86      40B       0
                text13                             1440     1440       72      40B       0
                text12                             1264     1264       AE      40B       0
                text11                              D18      D18      1AE      40B       0
                text10                             10B4     10B4       E8      40B       0
                text9                               FBE      FBE       F6      40B       0
                text8                              16FC     16FC       24      40B       0
                text7                               EC6      EC6       F8      40B       0
                text6                              14B2     14B2       52      40B       0
                text5                              1546     1546       42      40B       0
                text4                              16D8     16D8       24      40B       0
                text3                              16B2     16B2       26      40B       0
                text2                              15C8     15C8       3E      40B       0
                text1                              167E     167E       34      40B       0
                text0                               816      816      502      40B       0
                cstackCOMRAM                          1        1       35        1       1
                cstackBANK0                          60       60       3A       60       1
                dataBANK0                            B2       B2        6       60       1
                bssBANK0                             9A       9A       18       60       1
                bssCOMRAM                            36       36        2        1       1
                cinit                              1504     1504       42      40B       0
                nvBANK0                              B8       B8        4       60       1
                idataBANK0                         174C     174C        6      40B       0

TOTAL           Name                               Link     Load   Length     Space
        CLASS   STACK          

        CLASS   CODE           
                intcodelo                            18       18       F8         0
                intcode                               8        8        6         0
                init                                110      110        4         0
                reset_vec                             0        0        4         0
                intcode_body                       119C     119C       C8         0
                text21                             1742     1742        A         0
                text20                             1644     1644       3A         0
                text19                             1732     1732       10         0
                text18                             1720     1720       12         0
                text17                             1588     1588       40         0
                text16                             1606     1606       3E         0
                text15                             1312     1312       A8         0
                text14                             13BA     13BA       86         0
                text13                             1440     1440       72         0
                text12                             1264     1264       AE         0
                text11                              D18      D18      1AE         0
                text10                             10B4     10B4       E8         0
                text9                               FBE      FBE       F6         0
                text8                              16FC     16FC       24         0
                text7                               EC6      EC6       F8         0
                text6                              14B2     14B2       52         0
                text5                              1546     1546       42         0
                text4                              16D8     16D8       24         0
                text3                              16B2     16B2       26         0
                text2                              15C8     15C8       3E         0
                text1                              167E     167E       34         0
                text0                               816      816      502         0
                cinit                              1504     1504       42         0
                idataBANK0                         174C     174C        6         0

        CLASS   CONST          

        CLASS   SMALLCONST     
                smallconst                          800      800       16         0

        CLASS   MEDIUMCONST    

        CLASS   COMRAM         
                temp                                 38       38        1         1
                cstackCOMRAM                          1        1       35         1
                bssCOMRAM                            36       36        2         1

        CLASS   ABS1           

        CLASS   BIGRAM         

        CLASS   RAM            

        CLASS   BANK0          
                cstackBANK0                          60       60       3A         1
                dataBANK0                            B2       B2        6         1
                bssBANK0                             9A       9A       18         1
                nvBANK0                              B8       B8        4         1

        CLASS   BANK1          

        CLASS   BANK2          

        CLASS   BANK3          

        CLASS   BANK4          

        CLASS   BANK5          

        CLASS   BANK6          

        CLASS   BANK7          

        CLASS   SFR            

        CLASS   FARRAM         

        CLASS   CONFIG         
                config                           300000   300000        E         0

        CLASS   IDLOC          
                idloc                            200000   200000        8         0

        CLASS   EEDATA         



SEGMENTS        Name                           Load    Length   Top    Selector   Space  Class

                reset_vec                      000000  000004  000004         0       0  CODE    
                cstackCOMRAM                   000001  000038  000039         1       1  COMRAM  
                intcode                        000008  000006  00000E         4       0  CODE    
                intcodelo                      000018  0000FC  000114         C       0  CODE    
                cstackBANK0                    000060  00005C  0000BC        60       1  BANK0   
                smallconst                     000800  000016  000816       400       0  SMALLCON
                text0                          000816  000F3C  001752       40B       0  CODE    
                idloc                          200000  000008  200008    200000       0  IDLOC   
                config                         300000  00000E  30000E    300000       0  CONFIG  


UNUSED ADDRESS RANGES

        Name                Unused          Largest block    Delta
        BANK0            0000BC-0000FF               44
        BANK1            000100-0001FF              100
        BANK2            000200-0002FF              100
        BANK3            000300-0003FF              100
        BANK4            000400-0004FF              100
        BANK5            000500-0005FF              100
        BANK6            000600-0006FF              100
        BANK7            000700-0007FF              100
        BIGRAM           000039-00005F               27
                         0000BC-0007FF              744
        CODE             000004-000007                4
                         00000E-000017                A
                         000114-0007FF              6EC
                         001752-007FFF             68AE
        COMRAM           000039-00005F               27
        CONST            000004-000007                4
                         00000E-000017                A
                         000114-0007FF              6EC
                         001752-007FFF             68AE
        EEDATA           F00000-F000FF              100
        MEDIUMCONST      001752-007FFF             68AE
        RAM              0000BC-0007FF              100
        SFR              000F60-000FFF               A0
        SMALLCONST       001752-007FFF              100
        STACK            0000BC-0007FF              744

                                  Symbol Table

?___awdiv                 cstackBANK0  00008A
?___awmod                 cstackBANK0  00008A
?___ftadd                 cstackBANK0  00006C
?___ftdiv                 cstackBANK0  00006C
?___ftmul                 cstackBANK0  000060
?___ftneg                 cstackCOMRAM 000033
?___ftpack                cstackCOMRAM 000028
?___fttol                 cstackBANK0  00007B
?___lwdiv                 cstackCOMRAM 00002E
?___lwmod                 cstackCOMRAM 000028
?___lwtoft                cstackCOMRAM 000030
?___wmul                  cstackCOMRAM 000028
OpenXLCD@lcdtype          cstackCOMRAM 000029
SetDDRamAddr@DDaddr       cstackCOMRAM 000028
WriteCmdXLCD@cmd          cstackCOMRAM 000028
WriteDataXLCD@data        cstackCOMRAM 000028
_ADCON0bits               (abs)        000FC2
_ADCON1bits               (abs)        000FC1
_ADCON2bits               (abs)        000FC0
_ADRESH                   (abs)        000FC4
_ADRESL                   (abs)        000FC3
_BusyXLCD                 text20       001644
_CCP1CONbits              (abs)        000FBD
_CCP2CONbits              (abs)        000FBA
_CCPR1L                   (abs)        000FBE
_CCPR2L                   (abs)        000FBB
_DelayFor18TCY            text21       001742
_DelayPORXLCD             text19       001732
_DelayXLCD                text18       001720
_HighPriorityISR          intcode      000008
_INTCON2bits              (abs)        000FF1
_INTCON3bits              (abs)        000FF0
_INTCONbits               (abs)        000FF2
_IPR1bits                 (abs)        000F9F
_Kp                       dataBANK0    0000B4
_LATEbits                 (abs)        000F8D
_LowPriorityISR           intcodelo    000018
_OpenXLCD                 text15       001312
_PIE1bits                 (abs)        000F9D
_PIR1bits                 (abs)        000F9E
_PORTD                    (abs)        000F83
_PR2                      (abs)        000FCB
_RCONbits                 (abs)        000FD0
_SetDDRamAddr             text17       001588
_T0CONbits                (abs)        000FD5
_T2CONbits                (abs)        000FCA
_TMR0L                    (abs)        000FD6
_TRISAbits                (abs)        000F92
_TRISBbits                (abs)        000F93
_TRISCbits                (abs)        000F94
_TRISD                    (abs)        000F95
_TRISEbits                (abs)        000F96
_WriteCmdXLCD             text16       001606
_WriteDataXLCD            text2        0015C8
__CFG_CCP2MX$ON           (abs)        000000
__CFG_CPUDIV$OSC1_PLL2    (abs)        000000
__CFG_DEBUG$ON            (abs)        000000
__CFG_FOSC$HS             (abs)        000000
__CFG_LVP$OFF             (abs)        000000
__CFG_MCLRE$ON            (abs)        000000
__CFG_PBADEN$OFF          (abs)        000000
__CFG_PLLDIV$5            (abs)        000000
__CFG_WDT$OFF             (abs)        000000
__HRAM                    (abs)        000000
__Habs1                   abs1         000000
__Hbank0                  bank0        000000
__Hbank1                  bank1        000000
__Hbank2                  bank2        000000
__Hbank3                  bank3        000000
__Hbank4                  bank4        000000
__Hbank5                  bank5        000000
__Hbank6                  bank6        000000
__Hbank7                  bank7        000000
__Hbigbss                 bigbss       000000
__Hbigdata                bigdata      000000
__Hbigram                 bigram       000000
__Hbss                    bss          000000
__HbssBANK0               bssBANK0     000000
__HbssCOMRAM              bssCOMRAM    000000
__Hcinit                  cinit        000000
__Hclrtext                clrtext      000000
__Hcomram                 comram       000000
__Hconfig                 config       30000E
__Hconst                  const        000000
__HcstackBANK0            cstackBANK0  000000
__HcstackCOMRAM           cstackCOMRAM 000000
__Hdata                   data         000000
__HdataBANK0              dataBANK0    000000
__Heeprom_data            eeprom_data  000000
__Hfarbss                 farbss       000000
__Hfardata                fardata      000000
__Hibigdata               ibigdata     000000
__Hidata                  idata        000000
__HidataBANK0             idataBANK0   000000
__Hidloc                  idloc        200008
__Hifardata               ifardata     000000
__Hinit                   init         000114
__Hintcode                intcode      00000E
__Hintcode_body           intcode_body 000000
__Hintcodelo              intcodelo    000110
__Hintentry               intentry     000000
__Hintret                 intret       000000
__Hintsave_regs           intsave_regs 000000
__Hirdata                 irdata       000000
__Hmediumconst            mediumconst  000000
__HnvBANK0                nvBANK0      000000
__HnvFARRAM               nvFARRAM     000000
__Hnvbit                  nvbit        000000
__Hnvrram                 nvrram       000000
__Hparam                  rparam       000000
__Hpowerup                powerup      000110
__Hram                    ram          000000
__Hramtop                 ramtop       000800
__Hrbit                   rbit         000000
__Hrbss                   rbss         000000
__Hrdata                  rdata        000000
__Hreset_vec              reset_vec    000004
__Hrparam                 rparam       000000
__Hsfr                    sfr          000000
__Hsmallconst             smallconst   000816
__Hspace_0                (abs)        30000E
__Hspace_1                (abs)        0000BC
__Hspace_2                (abs)        000000
__Hstack                  stack        000000
__Hstruct                 struct       000000
__Htemp                   temp         000039
__Htext                   text         000000
__Htext0                  text0        000000
__Htext1                  text1        000000
__Htext10                 text10       000000
__Htext11                 text11       000000
__Htext12                 text12       000000
__Htext13                 text13       000000
__Htext14                 text14       000000
__Htext15                 text15       000000
__Htext16                 text16       000000
__Htext17                 text17       000000
__Htext18                 text18       000000
__Htext19                 text19       000000
__Htext2                  text2        000000
__Htext20                 text20       000000
__Htext21                 text21       000000
__Htext3                  text3        000000
__Htext4                  text4        000000
__Htext5                  text5        000000
__Htext6                  text6        000000
__Htext7                  text7        000000
__Htext8                  text8        000000
__Htext9                  text9        000000
__LRAM                    (abs)        000001
__Labs1                   abs1         000000
__Lbank0                  bank0        000000
__Lbank1                  bank1        000000
__Lbank2                  bank2        000000
__Lbank3                  bank3        000000
__Lbank4                  bank4        000000
__Lbank5                  bank5        000000
__Lbank6                  bank6        000000
__Lbank7                  bank7        000000
__Lbigbss                 bigbss       000000
__Lbigdata                bigdata      000000
__Lbigram                 bigram       000000
__Lbss                    bss          000000
__LbssBANK0               bssBANK0     000000
__LbssCOMRAM              bssCOMRAM    000000
__Lcinit                  cinit        000000
__Lclrtext                clrtext      000000
__Lcomram                 comram       000000
__Lconfig                 config       300000
__Lconst                  const        000000
__LcstackBANK0            cstackBANK0  000000
__LcstackCOMRAM           cstackCOMRAM 000000
__Ldata                   data         000000
__LdataBANK0              dataBANK0    000000
__Leeprom_data            eeprom_data  000000
__Lfarbss                 farbss       000000
__Lfardata                fardata      000000
__Libigdata               ibigdata     000000
__Lidata                  idata        000000
__LidataBANK0             idataBANK0   000000
__Lidloc                  idloc        200000
__Lifardata               ifardata     000000
__Linit                   init         000110
__Lintcode                intcode      000008
__Lintcode_body           intcode_body 000000
__Lintcodelo              intcodelo    000018
__Lintentry               intentry     000000
__Lintret                 intret       000000
__Lintsave_regs           intsave_regs 000000
__Lirdata                 irdata       000000
__Lmediumconst            mediumconst  000000
__LnvBANK0                nvBANK0      000000
__LnvFARRAM               nvFARRAM     000000
__Lnvbit                  nvbit        000000
__Lnvrram                 nvrram       000000
__Lparam                  rparam       000000
__Lpowerup                powerup      000110
__Lram                    ram          000000
__Lramtop                 ramtop       000800
__Lrbit                   rbit         000000
__Lrbss                   rbss         000000
__Lrdata                  rdata        000000
__Lreset_vec              reset_vec    000000
__Lrparam                 rparam       000000
__Lsfr                    sfr          000000
__Lsmallconst             smallconst   000800
__Lspace_0                (abs)        000000
__Lspace_1                (abs)        000000
__Lspace_2                (abs)        000000
__Lstack                  stack        000000
__Lstruct                 struct       000000
__Ltemp                   temp         000038
__Ltext                   text         000000
__Ltext0                  text0        000000
__Ltext1                  text1        000000
__Ltext10                 text10       000000
__Ltext11                 text11       000000
__Ltext12                 text12       000000
__Ltext13                 text13       000000
__Ltext14                 text14       000000
__Ltext15                 text15       000000
__Ltext16                 text16       000000
__Ltext17                 text17       000000
__Ltext18                 text18       000000
__Ltext19                 text19       000000
__Ltext2                  text2        000000
__Ltext20                 text20       000000
__Ltext21                 text21       000000
__Ltext3                  text3        000000
__Ltext4                  text4        000000
__Ltext5                  text5        000000
__Ltext6                  text6        000000
__Ltext7                  text7        000000
__Ltext8                  text8        000000
__Ltext9                  text9        000000
__S0                      (abs)        30000E
__S1                      (abs)        0000BC
__S2                      (abs)        000000
___awdiv                  text14       0013BA
___awdiv@counter          cstackBANK0  00008E
___awdiv@dividend         cstackBANK0  00008A
___awdiv@divisor          cstackBANK0  00008C
___awdiv@quotient         cstackBANK0  000090
___awdiv@sign             cstackBANK0  00008F
___awmod                  text13       001440
___awmod@counter          cstackBANK0  00008E
___awmod@dividend         cstackBANK0  00008A
___awmod@divisor          cstackBANK0  00008C
___awmod@sign             cstackBANK0  00008F
___ftadd                  text11       000D18
___ftadd@exp1             cstackBANK0  000077
___ftadd@exp2             cstackBANK0  000076
___ftadd@f1               cstackBANK0  00006C
___ftadd@f2               cstackBANK0  00006F
___ftadd@sign             cstackBANK0  000075
___ftdiv                  text10       0010B4
___ftdiv@cntr             cstackBANK0  000075
___ftdiv@exp              cstackBANK0  000079
___ftdiv@f1               cstackBANK0  00006C
___ftdiv@f2               cstackBANK0  00006F
___ftdiv@f3               cstackBANK0  000076
___ftdiv@sign             cstackBANK0  00007A
___ftmul                  text9        000FBE
___ftmul@cntr             cstackBANK0  00006A
___ftmul@exp              cstackBANK0  000066
___ftmul@f1               cstackBANK0  000060
___ftmul@f2               cstackBANK0  000063
___ftmul@f3_as_product    cstackBANK0  000067
___ftmul@sign             cstackBANK0  00006B
___ftneg                  text8        0016FC
___ftneg@f1               cstackCOMRAM 000033
___ftpack                 text12       001264
___ftpack@arg             cstackCOMRAM 000028
___ftpack@exp             cstackCOMRAM 00002B
___ftpack@sign            cstackCOMRAM 00002C
___fttol                  text7        000EC6
___fttol@exp1             cstackBANK0  000089
___fttol@f1               cstackBANK0  00007B
___fttol@lval             cstackBANK0  000085
___fttol@sign1            cstackBANK0  000084
___inthi_sp               stack        000000
___intlo_sp               stack        000000
___lwdiv                  text6        0014B2
___lwdiv@counter          cstackCOMRAM 000034
___lwdiv@dividend         cstackCOMRAM 00002E
___lwdiv@divisor          cstackCOMRAM 000030
___lwdiv@quotient         cstackCOMRAM 000032
___lwmod                  text5        001546
___lwmod@counter          cstackCOMRAM 00002C
___lwmod@dividend         cstackCOMRAM 000028
___lwmod@divisor          cstackCOMRAM 00002A
___lwtoft                 text4        0016D8
___lwtoft@c               cstackCOMRAM 000030
___param_bank             (abs)        000000
___rparam_used            (abs)        000001
___sp                     stack        000000
___wmul                   text3        0016B2
___wmul@multiplicand      cstackCOMRAM 00002A
___wmul@multiplier        cstackCOMRAM 000028
___wmul@product           cstackCOMRAM 00002C
__accesstop               (abs)        000060
__activetblptr            (abs)        000001
__end_of_BusyXLCD         text20       00167E
__end_of_DelayFor18TCY    text21       00174C
__end_of_DelayPORXLCD     text19       001742
__end_of_DelayXLCD        text18       001732
__end_of_HighPriorityISR  intcode_body 001264
__end_of_LowPriorityISR   intcodelo    000110
__end_of_OpenXLCD         text15       0013BA
__end_of_SetDDRamAddr     text17       0015C8
__end_of_WriteCmdXLCD     text16       001644
__end_of_WriteDataXLCD    text2        001606
__end_of___awdiv          text14       001440
__end_of___awmod          text13       0014B2
__end_of___ftadd          text11       000EC6
__end_of___ftdiv          text10       00119C
__end_of___ftmul          text9        0010B4
__end_of___ftneg          text8        001720
__end_of___ftpack         text12       001312
__end_of___fttol          text7        000FBE
__end_of___lwdiv          text6        001504
__end_of___lwmod          text5        001588
__end_of___lwtoft         text4        0016FC
__end_of___wmul           text3        0016D8
__end_of__initialization  cinit        001534
__end_of_main             text0        000D18
__end_of_putrsXLCD        text1        0016B2
__initialization          cinit        001504
__mediumconst             mediumconst  000000
__pbssBANK0               bssBANK0     00009A
__pbssCOMRAM              bssCOMRAM    000036
__pcinit                  cinit        001504
__pcstackBANK0            cstackBANK0  000060
__pcstackCOMRAM           cstackCOMRAM 000001
__pdataBANK0              dataBANK0    0000B2
__pidataBANK0             idataBANK0   00174C
__pintcode                intcode      000008
__pintcode_body           intcode_body 00119C
__pintcodelo              intcodelo    000018
__pnvBANK0                nvBANK0      0000B8
__psmallconst             smallconst   000800
__ptext0                  text0        000816
__ptext1                  text1        00167E
__ptext10                 text10       0010B4
__ptext11                 text11       000D18
__ptext12                 text12       001264
__ptext13                 text13       001440
__ptext14                 text14       0013BA
__ptext15                 text15       001312
__ptext16                 text16       001606
__ptext17                 text17       001588
__ptext18                 text18       001720
__ptext19                 text19       001732
__ptext2                  text2        0015C8
__ptext20                 text20       001644
__ptext21                 text21       001742
__ptext3                  text3        0016B2
__ptext4                  text4        0016D8
__ptext5                  text5        001546
__ptext6                  text6        0014B2
__ptext7                  text7        000EC6
__ptext8                  text8        0016FC
__ptext9                  text9        000FBE
__ramtop                  ramtop       000800
__size_of_BusyXLCD        (abs)        000000
__size_of_DelayFor18TCY   (abs)        000000
__size_of_DelayPORXLCD    (abs)        000000
__size_of_DelayXLCD       (abs)        000000
__size_of_HighPriorityISR (abs)        000000
__size_of_LowPriorityISR  (abs)        000000
__size_of_OpenXLCD        (abs)        000000
__size_of_SetDDRamAddr    (abs)        000000
__size_of_WriteCmdXLCD    (abs)        000000
__size_of_WriteDataXLCD   (abs)        000000
__size_of___awdiv         (abs)        000000
__size_of___awmod         (abs)        000000
__size_of___ftadd         (abs)        000000
__size_of___ftdiv         (abs)        000000
__size_of___ftmul         (abs)        000000
__size_of___ftneg         (abs)        000000
__size_of___ftpack        (abs)        000000
__size_of___fttol         (abs)        000000
__size_of___lwdiv         (abs)        000000
__size_of___lwmod         (abs)        000000
__size_of___lwtoft        (abs)        000000
__size_of___wmul          (abs)        000000
__size_of_main            (abs)        000000
__size_of_putrsXLCD       (abs)        000000
__smallconst              smallconst   000800
_attRazaoCiclicaCCP1      nvBANK0      0000BA
_attRazaoCiclicaCCP2      nvBANK0      0000B8
_aumenta                  bssBANK0     0000A7
_controlador              bssBANK0     00009F
_controleProporcional     bssBANK0     0000AD
_conversor_temp           bssBANK0     0000A1
_diminui                  bssBANK0     0000A5
_estouros                 bssCOMRAM    000036
_funcdisp                 bssBANK0     0000A3
_main                     text0        000816
_potencia                 bssBANK0     00009D
_putrsXLCD                text1        00167E
_razaoCiclicaCCP1         dataBANK0    0000B6
_temperaturaAtual         bssBANK0     00009A
_temperaturaReferencia    dataBANK0    0000B2
_valorLido1               bssBANK0     0000AB
_valorLido2               bssBANK0     0000A9
_voltage                  bssBANK0     0000AF
btemp                     temp         000038
end_of_initialization     cinit        001534
int$flags                 temp         000038
int_func                  intcode_body 00119C
intlevel0                 text         000000
intlevel1                 text         000000
intlevel2                 text         000000
intlevel3                 text         000000
main@dutyCicle            cstackBANK0  000094
main@dutyCicle_983        cstackBANK0  000096
main@erro                 cstackBANK0  000098
putrsXLCD@buffer          cstackCOMRAM 000029
stackhi                   (abs)        0007FF
stacklo                   (abs)        0000BC
start                     init         000110
start_initialization      cinit        001504
wtemp6                    temp         000039


FUNCTION INFORMATION:

 *************** function _main *****************
 Defined at:
		line 61 in file "main.c"
 Parameters:    Size  Location     Type
		None
 Auto vars:     Size  Location     Type
  erro            2   56[BANK0 ] int 
  dutyCicle       2   54[BANK0 ] int 
  dutyCicle       2   52[BANK0 ] int 
 Return value:  Size  Location     Type
                  1    wreg      void 
 Registers used:
		wreg, status,2, status,0, tblptrl, tblptrh, tblptru, prodl, prodh, cstack
 Tracked objects:
		On entry : 
		On exit  : 
		Unchanged: 
 Data sizes:     COMRAM   BANK0   BANK1   BANK2   BANK3   BANK4   BANK5   BANK6   BANK7
      Params:         0       0       0       0       0       0       0       0       0
      Locals:         0       6       0       0       0       0       0       0       0
      Temps:          0       2       0       0       0       0       0       0       0
      Totals:         0       8       0       0       0       0       0       0       0
Total ram usage:        8 bytes
 Hardware stack levels required when called:    5
 This function calls:
		_OpenXLCD
		_WriteCmdXLCD
		_WriteDataXLCD
		___awdiv
		___awmod
		___ftadd
		___ftdiv
		___ftmul
		___ftneg
		___fttol
		___lwdiv
		___lwmod
		___lwtoft
		___wmul
		_putrsXLCD
 This function is called by:
		Startup code after reset
 This function uses a non-reentrant model


 *************** function _putrsXLCD *****************
 Defined at:
		line 533 in file "nxlcd.c"
 Parameters:    Size  Location     Type
  buffer          2   40[COMRAM] PTR const unsigned char 
		 -> STR_5(2), STR_4(6), STR_3(2), STR_2(4), 
		 -> STR_1(6), 
 Auto vars:     Size  Location     Type
		None
 Return value:  Size  Location     Type
                  1    wreg      void 
 Registers used:
		wreg, status,2, status,0, tblptrl, tblptrh, tblptru, cstack
 Tracked objects:
		On entry : 
		On exit  : 
		Unchanged: 
 Data sizes:     COMRAM   BANK0   BANK1   BANK2   BANK3   BANK4   BANK5   BANK6   BANK7
      Params:         2       0       0       0       0       0       0       0       0
      Locals:         0       0       0       0       0       0       0       0       0
      Temps:          0       0       0       0       0       0       0       0       0
      Totals:         2       0       0       0       0       0       0       0       0
Total ram usage:        2 bytes
 Hardware stack levels used:    1
 Hardware stack levels required when called:    4
 This function calls:
		_BusyXLCD
		_WriteDataXLCD
 This function is called by:
		_main
 This function uses a non-reentrant model


 *************** function _WriteDataXLCD *****************
 Defined at:
		line 449 in file "nxlcd.c"
 Parameters:    Size  Location     Type
  data            1    wreg     unsigned char 
 Auto vars:     Size  Location     Type
  data            1   39[COMRAM] unsigned char 
 Return value:  Size  Location     Type
                  1    wreg      void 
 Registers used:
		wreg, status,2, status,0, cstack
 Tracked objects:
		On entry : 
		On exit  : 
		Unchanged: 
 Data sizes:     COMRAM   BANK0   BANK1   BANK2   BANK3   BANK4   BANK5   BANK6   BANK7
      Params:         0       0       0       0       0       0       0       0       0
      Locals:         1       0       0       0       0       0       0       0       0
      Temps:          0       0       0       0       0       0       0       0       0
      Totals:         1       0       0       0       0       0       0       0       0
Total ram usage:        1 bytes
 Hardware stack levels used:    1
 Hardware stack levels required when called:    3
 This function calls:
		_DelayFor18TCY
 This function is called by:
		_putrsXLCD
		_main
		_putsXLCD
 This function uses a non-reentrant model


 *************** function ___wmul *****************
 Defined at:
		line 15 in file "C:\Program Files (x86)\Microchip\xc8\v1.45\sources\common\Umul16.c"
 Parameters:    Size  Location     Type
  multiplier      2   39[COMRAM] unsigned int 
  multiplicand    2   41[COMRAM] unsigned int 
 Auto vars:     Size  Location     Type
  product         2   43[COMRAM] unsigned int 
 Return value:  Size  Location     Type
                  2   39[COMRAM] unsigned int 
 Registers used:
		wreg, status,2, status,0, prodl, prodh
 Tracked objects:
		On entry : 
		On exit  : 
		Unchanged: 
 Data sizes:     COMRAM   BANK0   BANK1   BANK2   BANK3   BANK4   BANK5   BANK6   BANK7
      Params:         4       0       0       0       0       0       0       0       0
      Locals:         2       0       0       0       0       0       0       0       0
      Temps:          0       0       0       0       0       0       0       0       0
      Totals:         6       0       0       0       0       0       0       0       0
Total ram usage:        6 bytes
 Hardware stack levels used:    1
 Hardware stack levels required when called:    2
 This function calls:
		Nothing
 This function is called by:
		_main
 This function uses a non-reentrant model


 *************** function ___lwtoft *****************
 Defined at:
		line 28 in file "C:\Program Files (x86)\Microchip\xc8\v1.45\sources\common\lwtoft.c"
 Parameters:    Size  Location     Type
  c               2   47[COMRAM] unsigned int 
 Auto vars:     Size  Location     Type
		None
 Return value:  Size  Location     Type
                  3   47[COMRAM] float 
 Registers used:
		wreg, status,2, status,0, cstack
 Tracked objects:
		On entry : 
		On exit  : 
		Unchanged: 
 Data sizes:     COMRAM   BANK0   BANK1   BANK2   BANK3   BANK4   BANK5   BANK6   BANK7
      Params:         3       0       0       0       0       0       0       0       0
      Locals:         0       0       0       0       0       0       0       0       0
      Temps:          0       0       0       0       0       0       0       0       0
      Totals:         3       0       0       0       0       0       0       0       0
Total ram usage:        3 bytes
 Hardware stack levels used:    1
 Hardware stack levels required when called:    3
 This function calls:
		___ftpack
 This function is called by:
		_main
 This function uses a non-reentrant model


 *************** function ___lwmod *****************
 Defined at:
		line 8 in file "C:\Program Files (x86)\Microchip\xc8\v1.45\sources\common\lwmod.c"
 Parameters:    Size  Location     Type
  dividend        2   39[COMRAM] unsigned int 
  divisor         2   41[COMRAM] unsigned int 
 Auto vars:     Size  Location     Type
  counter         1   43[COMRAM] unsigned char 
 Return value:  Size  Location     Type
                  2   39[COMRAM] unsigned int 
 Registers used:
		wreg, status,2, status,0
 Tracked objects:
		On entry : 
		On exit  : 
		Unchanged: 
 Data sizes:     COMRAM   BANK0   BANK1   BANK2   BANK3   BANK4   BANK5   BANK6   BANK7
      Params:         4       0       0       0       0       0       0       0       0
      Locals:         1       0       0       0       0       0       0       0       0
      Temps:          0       0       0       0       0       0       0       0       0
      Totals:         5       0       0       0       0       0       0       0       0
Total ram usage:        5 bytes
 Hardware stack levels used:    1
 Hardware stack levels required when called:    2
 This function calls:
		Nothing
 This function is called by:
		_main
 This function uses a non-reentrant model


 *************** function ___lwdiv *****************
 Defined at:
		line 8 in file "C:\Program Files (x86)\Microchip\xc8\v1.45\sources\common\lwdiv.c"
 Parameters:    Size  Location     Type
  dividend        2   45[COMRAM] unsigned int 
  divisor         2   47[COMRAM] unsigned int 
 Auto vars:     Size  Location     Type
  quotient        2   49[COMRAM] unsigned int 
  counter         1   51[COMRAM] unsigned char 
 Return value:  Size  Location     Type
                  2   45[COMRAM] unsigned int 
 Registers used:
		wreg, status,2, status,0
 Tracked objects:
		On entry : 
		On exit  : 
		Unchanged: 
 Data sizes:     COMRAM   BANK0   BANK1   BANK2   BANK3   BANK4   BANK5   BANK6   BANK7
      Params:         4       0       0       0       0       0       0       0       0
      Locals:         3       0       0       0       0       0       0       0       0
      Temps:          0       0       0       0       0       0       0       0       0
      Totals:         7       0       0       0       0       0       0       0       0
Total ram usage:        7 bytes
 Hardware stack levels used:    1
 Hardware stack levels required when called:    2
 This function calls:
		Nothing
 This function is called by:
		_main
 This function uses a non-reentrant model


 *************** function ___fttol *****************
 Defined at:
		line 44 in file "C:\Program Files (x86)\Microchip\xc8\v1.45\sources\common\fttol.c"
 Parameters:    Size  Location     Type
  f1              3   27[BANK0 ] float 
 Auto vars:     Size  Location     Type
  lval            4   37[BANK0 ] unsigned long 
  exp1            1   41[BANK0 ] unsigned char 
  sign1           1   36[BANK0 ] unsigned char 
 Return value:  Size  Location     Type
                  4   27[BANK0 ] long 
 Registers used:
		wreg, status,2, status,0
 Tracked objects:
		On entry : 
		On exit  : 
		Unchanged: 
 Data sizes:     COMRAM   BANK0   BANK1   BANK2   BANK3   BANK4   BANK5   BANK6   BANK7
      Params:         0       4       0       0       0       0       0       0       0
      Locals:         0       6       0       0       0       0       0       0       0
      Temps:          0       5       0       0       0       0       0       0       0
      Totals:         0      15       0       0       0       0       0       0       0
Total ram usage:       15 bytes
 Hardware stack levels used:    1
 Hardware stack levels required when called:    2
 This function calls:
		Nothing
 This function is called by:
		_main
 This function uses a non-reentrant model


 *************** function ___ftneg *****************
 Defined at:
		line 15 in file "C:\Program Files (x86)\Microchip\xc8\v1.45\sources\common\ftneg.c"
 Parameters:    Size  Location     Type
  f1              3   50[COMRAM] float 
 Auto vars:     Size  Location     Type
		None
 Return value:  Size  Location     Type
                  3   50[COMRAM] float 
 Registers used:
		wreg, status,2, status,0
 Tracked objects:
		On entry : 
		On exit  : 
		Unchanged: 
 Data sizes:     COMRAM   BANK0   BANK1   BANK2   BANK3   BANK4   BANK5   BANK6   BANK7
      Params:         3       0       0       0       0       0       0       0       0
      Locals:         0       0       0       0       0       0       0       0       0
      Temps:          0       0       0       0       0       0       0       0       0
      Totals:         3       0       0       0       0       0       0       0       0
Total ram usage:        3 bytes
 Hardware stack levels used:    1
 Hardware stack levels required when called:    2
 This function calls:
		Nothing
 This function is called by:
		_main
 This function uses a non-reentrant model


 *************** function ___ftmul *****************
 Defined at:
		line 62 in file "C:\Program Files (x86)\Microchip\xc8\v1.45\sources\common\ftmul.c"
 Parameters:    Size  Location     Type
  f1              3    0[BANK0 ] float 
  f2              3    3[BANK0 ] float 
 Auto vars:     Size  Location     Type
  f3_as_produc    3    7[BANK0 ] unsigned um
  sign            1   11[BANK0 ] unsigned char 
  cntr            1   10[BANK0 ] unsigned char 
  exp             1    6[BANK0 ] unsigned char 
 Return value:  Size  Location     Type
                  3    0[BANK0 ] float 
 Registers used:
		wreg, status,2, status,0, cstack
 Tracked objects:
		On entry : 
		On exit  : 
		Unchanged: 
 Data sizes:     COMRAM   BANK0   BANK1   BANK2   BANK3   BANK4   BANK5   BANK6   BANK7
      Params:         0       6       0       0       0       0       0       0       0
      Locals:         0       6       0       0       0       0       0       0       0
      Temps:          3       0       0       0       0       0       0       0       0
      Totals:         3      12       0       0       0       0       0       0       0
Total ram usage:       15 bytes
 Hardware stack levels used:    1
 Hardware stack levels required when called:    3
 This function calls:
		___ftpack
 This function is called by:
		_main
 This function uses a non-reentrant model


 *************** function ___ftdiv *****************
 Defined at:
		line 54 in file "C:\Program Files (x86)\Microchip\xc8\v1.45\sources\common\ftdiv.c"
 Parameters:    Size  Location     Type
  f1              3   12[BANK0 ] float 
  f2              3   15[BANK0 ] float 
 Auto vars:     Size  Location     Type
  f3              3   22[BANK0 ] float 
  sign            1   26[BANK0 ] unsigned char 
  exp             1   25[BANK0 ] unsigned char 
  cntr            1   21[BANK0 ] unsigned char 
 Return value:  Size  Location     Type
                  3   12[BANK0 ] float 
 Registers used:
		wreg, status,2, status,0, cstack
 Tracked objects:
		On entry : 
		On exit  : 
		Unchanged: 
 Data sizes:     COMRAM   BANK0   BANK1   BANK2   BANK3   BANK4   BANK5   BANK6   BANK7
      Params:         0       6       0       0       0       0       0       0       0
      Locals:         0       6       0       0       0       0       0       0       0
      Temps:          0       3       0       0       0       0       0       0       0
      Totals:         0      15       0       0       0       0       0       0       0
Total ram usage:       15 bytes
 Hardware stack levels used:    1
 Hardware stack levels required when called:    3
 This function calls:
		___ftpack
 This function is called by:
		_main
 This function uses a non-reentrant model


 *************** function ___ftadd *****************
 Defined at:
		line 86 in file "C:\Program Files (x86)\Microchip\xc8\v1.45\sources\common\ftadd.c"
 Parameters:    Size  Location     Type
  f1              3   12[BANK0 ] float 
  f2              3   15[BANK0 ] float 
 Auto vars:     Size  Location     Type
  exp1            1   23[BANK0 ] unsigned char 
  exp2            1   22[BANK0 ] unsigned char 
  sign            1   21[BANK0 ] unsigned char 
 Return value:  Size  Location     Type
                  3   12[BANK0 ] float 
 Registers used:
		wreg, status,2, status,0, cstack
 Tracked objects:
		On entry : 
		On exit  : 
		Unchanged: 
 Data sizes:     COMRAM   BANK0   BANK1   BANK2   BANK3   BANK4   BANK5   BANK6   BANK7
      Params:         0       6       0       0       0       0       0       0       0
      Locals:         0       3       0       0       0       0       0       0       0
      Temps:          0       3       0       0       0       0       0       0       0
      Totals:         0      12       0       0       0       0       0       0       0
Total ram usage:       12 bytes
 Hardware stack levels used:    1
 Hardware stack levels required when called:    3
 This function calls:
		___ftpack
 This function is called by:
		_main
 This function uses a non-reentrant model


 *************** function ___ftpack *****************
 Defined at:
		line 62 in file "C:\Program Files (x86)\Microchip\xc8\v1.45\sources\common\float.c"
 Parameters:    Size  Location     Type
  arg             3   39[COMRAM] unsigned um
  exp             1   42[COMRAM] unsigned char 
  sign            1   43[COMRAM] unsigned char 
 Auto vars:     Size  Location     Type
		None
 Return value:  Size  Location     Type
                  3   39[COMRAM] float 
 Registers used:
		wreg, status,2, status,0
 Tracked objects:
		On entry : 
		On exit  : 
		Unchanged: 
 Data sizes:     COMRAM   BANK0   BANK1   BANK2   BANK3   BANK4   BANK5   BANK6   BANK7
      Params:         5       0       0       0       0       0       0       0       0
      Locals:         0       0       0       0       0       0       0       0       0
      Temps:          3       0       0       0       0       0       0       0       0
      Totals:         8       0       0       0       0       0       0       0       0
Total ram usage:        8 bytes
 Hardware stack levels used:    1
 Hardware stack levels required when called:    2
 This function calls:
		Nothing
 This function is called by:
		___ftadd
		___ftdiv
		___ftmul
		___lwtoft
 This function uses a non-reentrant model


 *************** function ___awmod *****************
 Defined at:
		line 8 in file "C:\Program Files (x86)\Microchip\xc8\v1.45\sources\common\awmod.c"
 Parameters:    Size  Location     Type
  dividend        2   42[BANK0 ] int 
  divisor         2   44[BANK0 ] int 
 Auto vars:     Size  Location     Type
  sign            1   47[BANK0 ] unsigned char 
  counter         1   46[BANK0 ] unsigned char 
 Return value:  Size  Location     Type
                  2   42[BANK0 ] int 
 Registers used:
		wreg, status,2, status,0
 Tracked objects:
		On entry : 
		On exit  : 
		Unchanged: 
 Data sizes:     COMRAM   BANK0   BANK1   BANK2   BANK3   BANK4   BANK5   BANK6   BANK7
      Params:         0       4       0       0       0       0       0       0       0
      Locals:         0       2       0       0       0       0       0       0       0
      Temps:          0       0       0       0       0       0       0       0       0
      Totals:         0       6       0       0       0       0       0       0       0
Total ram usage:        6 bytes
 Hardware stack levels used:    1
 Hardware stack levels required when called:    2
 This function calls:
		Nothing
 This function is called by:
		_main
 This function uses a non-reentrant model


 *************** function ___awdiv *****************
 Defined at:
		line 8 in file "C:\Program Files (x86)\Microchip\xc8\v1.45\sources\common\awdiv.c"
 Parameters:    Size  Location     Type
  dividend        2   42[BANK0 ] int 
  divisor         2   44[BANK0 ] int 
 Auto vars:     Size  Location     Type
  quotient        2   48[BANK0 ] int 
  sign            1   47[BANK0 ] unsigned char 
  counter         1   46[BANK0 ] unsigned char 
 Return value:  Size  Location     Type
                  2   42[BANK0 ] int 
 Registers used:
		wreg, status,2, status,0
 Tracked objects:
		On entry : 
		On exit  : 
		Unchanged: 
 Data sizes:     COMRAM   BANK0   BANK1   BANK2   BANK3   BANK4   BANK5   BANK6   BANK7
      Params:         0       4       0       0       0       0       0       0       0
      Locals:         0       4       0       0       0       0       0       0       0
      Temps:          0       0       0       0       0       0       0       0       0
      Totals:         0       8       0       0       0       0       0       0       0
Total ram usage:        8 bytes
 Hardware stack levels used:    1
 Hardware stack levels required when called:    2
 This function calls:
		Nothing
 This function is called by:
		_main
 This function uses a non-reentrant model


 *************** function _OpenXLCD *****************
 Defined at:
		line 41 in file "nxlcd.c"
 Parameters:    Size  Location     Type
  lcdtype         1    wreg     unsigned char 
 Auto vars:     Size  Location     Type
  lcdtype         1   40[COMRAM] unsigned char 
 Return value:  Size  Location     Type
                  1    wreg      void 
 Registers used:
		wreg, status,2, status,0, cstack
 Tracked objects:
		On entry : 
		On exit  : 
		Unchanged: 
 Data sizes:     COMRAM   BANK0   BANK1   BANK2   BANK3   BANK4   BANK5   BANK6   BANK7
      Params:         0       0       0       0       0       0       0       0       0
      Locals:         1       0       0       0       0       0       0       0       0
      Temps:          0       0       0       0       0       0       0       0       0
      Totals:         1       0       0       0       0       0       0       0       0
Total ram usage:        1 bytes
 Hardware stack levels used:    1
 Hardware stack levels required when called:    4
 This function calls:
		_BusyXLCD
		_DelayPORXLCD
		_DelayXLCD
		_SetDDRamAddr
		_WriteCmdXLCD
 This function is called by:
		_main
 This function uses a non-reentrant model


 *************** function _WriteCmdXLCD *****************
 Defined at:
		line 388 in file "nxlcd.c"
 Parameters:    Size  Location     Type
  cmd             1    wreg     unsigned char 
 Auto vars:     Size  Location     Type
  cmd             1   39[COMRAM] unsigned char 
 Return value:  Size  Location     Type
                  1    wreg      void 
 Registers used:
		wreg, status,2, status,0, cstack
 Tracked objects:
		On entry : 
		On exit  : 
		Unchanged: 
 Data sizes:     COMRAM   BANK0   BANK1   BANK2   BANK3   BANK4   BANK5   BANK6   BANK7
      Params:         0       0       0       0       0       0       0       0       0
      Locals:         1       0       0       0       0       0       0       0       0
      Temps:          0       0       0       0       0       0       0       0       0
      Totals:         1       0       0       0       0       0       0       0       0
Total ram usage:        1 bytes
 Hardware stack levels used:    1
 Hardware stack levels required when called:    3
 This function calls:
		_DelayFor18TCY
 This function is called by:
		_OpenXLCD
		_main
 This function uses a non-reentrant model


 *************** function _SetDDRamAddr *****************
 Defined at:
		line 171 in file "nxlcd.c"
 Parameters:    Size  Location     Type
  DDaddr          1    wreg     unsigned char 
 Auto vars:     Size  Location     Type
  DDaddr          1   39[COMRAM] unsigned char 
 Return value:  Size  Location     Type
                  1    wreg      void 
 Registers used:
		wreg, status,2, status,0, cstack
 Tracked objects:
		On entry : 
		On exit  : 
		Unchanged: 
 Data sizes:     COMRAM   BANK0   BANK1   BANK2   BANK3   BANK4   BANK5   BANK6   BANK7
      Params:         0       0       0       0       0       0       0       0       0
      Locals:         1       0       0       0       0       0       0       0       0
      Temps:          0       0       0       0       0       0       0       0       0
      Totals:         1       0       0       0       0       0       0       0       0
Total ram usage:        1 bytes
 Hardware stack levels used:    1
 Hardware stack levels required when called:    3
 This function calls:
		_DelayFor18TCY
 This function is called by:
		_OpenXLCD
 This function uses a non-reentrant model


 *************** function _DelayXLCD *****************
 Defined at:
		line 22 in file "nxlcd.c"
 Parameters:    Size  Location     Type
		None
 Auto vars:     Size  Location     Type
		None
 Return value:  Size  Location     Type
                  1    wreg      void 
 Registers used:
		wreg
 Tracked objects:
		On entry : 
		On exit  : 
		Unchanged: 
 Data sizes:     COMRAM   BANK0   BANK1   BANK2   BANK3   BANK4   BANK5   BANK6   BANK7
      Params:         0       0       0       0       0       0       0       0       0
      Locals:         0       0       0       0       0       0       0       0       0
      Temps:          1       0       0       0       0       0       0       0       0
      Totals:         1       0       0       0       0       0       0       0       0
Total ram usage:        1 bytes
 Hardware stack levels used:    1
 Hardware stack levels required when called:    2
 This function calls:
		Nothing
 This function is called by:
		_OpenXLCD
 This function uses a non-reentrant model


 *************** function _DelayPORXLCD *****************
 Defined at:
		line 17 in file "nxlcd.c"
 Parameters:    Size  Location     Type
		None
 Auto vars:     Size  Location     Type
		None
 Return value:  Size  Location     Type
                  1    wreg      void 
 Registers used:
		wreg
 Tracked objects:
		On entry : 
		On exit  : 
		Unchanged: 
 Data sizes:     COMRAM   BANK0   BANK1   BANK2   BANK3   BANK4   BANK5   BANK6   BANK7
      Params:         0       0       0       0       0       0       0       0       0
      Locals:         0       0       0       0       0       0       0       0       0
      Temps:          1       0       0       0       0       0       0       0       0
      Totals:         1       0       0       0       0       0       0       0       0
Total ram usage:        1 bytes
 Hardware stack levels used:    1
 Hardware stack levels required when called:    2
 This function calls:
		Nothing
 This function is called by:
		_OpenXLCD
 This function uses a non-reentrant model


 *************** function _BusyXLCD *****************
 Defined at:
		line 227 in file "nxlcd.c"
 Parameters:    Size  Location     Type
		None
 Auto vars:     Size  Location     Type
		None
 Return value:  Size  Location     Type
                  1    wreg      unsigned char 
 Registers used:
		wreg, cstack
 Tracked objects:
		On entry : 
		On exit  : 
		Unchanged: 
 Data sizes:     COMRAM   BANK0   BANK1   BANK2   BANK3   BANK4   BANK5   BANK6   BANK7
      Params:         0       0       0       0       0       0       0       0       0
      Locals:         0       0       0       0       0       0       0       0       0
      Temps:          0       0       0       0       0       0       0       0       0
      Totals:         0       0       0       0       0       0       0       0       0
Total ram usage:        0 bytes
 Hardware stack levels used:    1
 Hardware stack levels required when called:    3
 This function calls:
		_DelayFor18TCY
 This function is called by:
		_OpenXLCD
		_putrsXLCD
		_putsXLCD
 This function uses a non-reentrant model


 *************** function _DelayFor18TCY *****************
 Defined at:
		line 12 in file "nxlcd.c"
 Parameters:    Size  Location     Type
		None
 Auto vars:     Size  Location     Type
		None
 Return value:  Size  Location     Type
                  1    wreg      void 
 Registers used:
		wreg
 Tracked objects:
		On entry : 
		On exit  : 
		Unchanged: 
 Data sizes:     COMRAM   BANK0   BANK1   BANK2   BANK3   BANK4   BANK5   BANK6   BANK7
      Params:         0       0       0       0       0       0       0       0       0
      Locals:         0       0       0       0       0       0       0       0       0
      Temps:          0       0       0       0       0       0       0       0       0
      Totals:         0       0       0       0       0       0       0       0       0
Total ram usage:        0 bytes
 Hardware stack levels used:    1
 Hardware stack levels required when called:    2
 This function calls:
		Nothing
 This function is called by:
		_SetDDRamAddr
		_BusyXLCD
		_WriteCmdXLCD
		_WriteDataXLCD
		_SetCGRamAddr
		_ReadAddrXLCD
		_ReadDataXLCD
 This function uses a non-reentrant model


 *************** function _LowPriorityISR *****************
 Defined at:
		line 35 in file "main.c"
 Parameters:    Size  Location     Type
		None
 Auto vars:     Size  Location     Type
		None
 Return value:  Size  Location     Type
                  1    wreg      void 
 Registers used:
		wreg, status,2, status,0
 Tracked objects:
		On entry : 
		On exit  : 
		Unchanged: 
 Data sizes:     COMRAM   BANK0   BANK1   BANK2   BANK3   BANK4   BANK5   BANK6   BANK7
      Params:         0       0       0       0       0       0       0       0       0
      Locals:         0       0       0       0       0       0       0       0       0
      Temps:         21       0       0       0       0       0       0       0       0
      Totals:        21       0       0       0       0       0       0       0       0
Total ram usage:       21 bytes
 Hardware stack levels used:    1
 Hardware stack levels required when called:    1
 This function calls:
		Nothing
 This function is called by:
		Interrupt level 1
 This function uses a non-reentrant model


 *************** function _HighPriorityISR *****************
 Defined at:
		line 22 in file "main.c"
 Parameters:    Size  Location     Type
		None
 Auto vars:     Size  Location     Type
		None
 Return value:  Size  Location     Type
                  1    wreg      void 
 Registers used:
		wreg, status,2, status,0
 Tracked objects:
		On entry : 
		On exit  : 
		Unchanged: 
 Data sizes:     COMRAM   BANK0   BANK1   BANK2   BANK3   BANK4   BANK5   BANK6   BANK7
      Params:         0       0       0       0       0       0       0       0       0
      Locals:         0       0       0       0       0       0       0       0       0
      Temps:         18       0       0       0       0       0       0       0       0
      Totals:        18       0       0       0       0       0       0       0       0
Total ram usage:       18 bytes
 Hardware stack levels used:    1
 This function calls:
		Nothing
 This function is called by:
		Interrupt level 2
 This function uses a non-reentrant model



MODULE INFORMATION

Module		Function		Class		Link	Load	Size
C:\Program Files (x86)\Microchip\xc8\v1.45\sources\common\ftneg.c
		___ftneg       		CODE           	16FC	0000	37

C:\Program Files (x86)\Microchip\xc8\v1.45\sources\common\ftneg.c estimated size: 37

C:\Program Files (x86)\Microchip\xc8\v1.45\sources\common\float.c
		___ftpack      		CODE           	1264	0000	175

C:\Program Files (x86)\Microchip\xc8\v1.45\sources\common\float.c estimated size: 175

C:\Program Files (x86)\Microchip\xc8\v1.45\sources\common\Umul16.c
		___wmul        		CODE           	16B2	0000	39

C:\Program Files (x86)\Microchip\xc8\v1.45\sources\common\Umul16.c estimated size: 39

C:\Program Files (x86)\Microchip\xc8\v1.45\sources\common\lwmod.c
		___lwmod       		CODE           	1546	0000	67

C:\Program Files (x86)\Microchip\xc8\v1.45\sources\common\lwmod.c estimated size: 67

C:\Program Files (x86)\Microchip\xc8\v1.45\sources\common\ftmul.c
		___ftmul       		CODE           	0FBE	0000	247

C:\Program Files (x86)\Microchip\xc8\v1.45\sources\common\ftmul.c estimated size: 247

C:\Program Files (x86)\Microchip\xc8\v1.45\sources\common\awmod.c
		___awmod       		CODE           	1440	0000	115

C:\Program Files (x86)\Microchip\xc8\v1.45\sources\common\awmod.c estimated size: 115

C:\Program Files (x86)\Microchip\xc8\v1.45\sources\common\ftdiv.c
		___ftdiv       		CODE           	10B4	0000	233

C:\Program Files (x86)\Microchip\xc8\v1.45\sources\common\ftdiv.c estimated size: 233

nxlcd.c
		_BusyXLCD      		CODE           	1644	0000	59
		_DelayFor18TCY 		CODE           	1742	0000	11
		_DelayXLCD     		CODE           	1720	0000	19
		_WriteCmdXLCD  		CODE           	1606	0000	63
		_OpenXLCD      		CODE           	1312	0000	169
		_WriteDataXLCD 		CODE           	15C8	0000	63
		_SetDDRamAddr  		CODE           	1588	0000	65
		_DelayPORXLCD  		CODE           	1732	0000	17
		_putrsXLCD     		CODE           	167E	0000	53

nxlcd.c estimated size: 519

shared
		__initialization		CODE           	1504	0000	49

shared estimated size: 49

C:\Program Files (x86)\Microchip\xc8\v1.45\sources\common\fttol.c
		___fttol       		CODE           	0EC6	0000	249

C:\Program Files (x86)\Microchip\xc8\v1.45\sources\common\fttol.c estimated size: 249

C:\Program Files (x86)\Microchip\xc8\v1.45\sources\common\lwdiv.c
		___lwdiv       		CODE           	14B2	0000	83

C:\Program Files (x86)\Microchip\xc8\v1.45\sources\common\lwdiv.c estimated size: 83

C:\Program Files (x86)\Microchip\xc8\v1.45\sources\common\awdiv.c
		___awdiv       		CODE           	13BA	0000	135

C:\Program Files (x86)\Microchip\xc8\v1.45\sources\common\awdiv.c estimated size: 135

C:\Program Files (x86)\Microchip\xc8\v1.45\sources\common\ftadd.c
		___ftadd       		CODE           	0D18	0000	431

C:\Program Files (x86)\Microchip\xc8\v1.45\sources\common\ftadd.c estimated size: 431

main.c
		_HighPriorityISR		CODE           	0008	0000	207
		_main          		CODE           	0816	0000	1283
		_LowPriorityISR		CODE           	0018	0000	249

main.c estimated size: 1739

C:\Program Files (x86)\Microchip\xc8\v1.45\sources\common\lwtoft.c
		___lwtoft      		CODE           	16D8	0000	37

C:\Program Files (x86)\Microchip\xc8\v1.45\sources\common\lwtoft.c estimated size: 37

